src/App.tsx(47,48): error TS1261: Already included file name 'C:/Users/Gautam/Desktop/My/Fun/Hyundai Website/Hyundai.in/src/dashboards/Admin/AdminDashboard.tsx' differs from file name 'C:/Users/Gautam/Desktop/My/Fun/Hyundai Website/Hyundai.in/src/dashboards/admin/AdminDashboard.tsx' only in casing.
  The file is in the program because:
    Imported via '@/dashboards/Admin/AdminDashboard' from file 'C:/Users/Gautam/Desktop/My/Fun/Hyundai Website/Hyundai.in/src/App.tsx'
    Matched by include pattern 'src' in 'C:/Users/Gautam/Desktop/My/Fun/Hyundai Website/Hyundai.in/tsconfig.app.json'
src/App.tsx(48,53): error TS1261: Already included file name 'C:/Users/Gautam/Desktop/My/Fun/Hyundai Website/Hyundai.in/src/dashboards/Admin/MultiDealershipView.tsx' differs from file name 'C:/Users/Gautam/Desktop/My/Fun/Hyundai Website/Hyundai.in/src/dashboards/admin/MultiDealershipView.tsx' only in casing.
  The file is in the program because:
    Imported via '@/dashboards/Admin/MultiDealershipView' from file 'C:/Users/Gautam/Desktop/My/Fun/Hyundai Website/Hyundai.in/src/App.tsx'
    Matched by include pattern 'src' in 'C:/Users/Gautam/Desktop/My/Fun/Hyundai Website/Hyundai.in/tsconfig.app.json'
src/App.tsx(49,52): error TS1261: Already included file name 'C:/Users/Gautam/Desktop/My/Fun/Hyundai Website/Hyundai.in/src/dashboards/Admin/FinancialAnalytics.tsx' differs from file name 'C:/Users/Gautam/Desktop/My/Fun/Hyundai Website/Hyundai.in/src/dashboards/admin/FinancialAnalytics.tsx' only in casing.
  The file is in the program because:
    Imported via '@/dashboards/Admin/FinancialAnalytics' from file 'C:/Users/Gautam/Desktop/My/Fun/Hyundai Website/Hyundai.in/src/App.tsx'
    Matched by include pattern 'src' in 'C:/Users/Gautam/Desktop/My/Fun/Hyundai Website/Hyundai.in/tsconfig.app.json'
src/App.tsx(50,51): error TS1261: Already included file name 'C:/Users/Gautam/Desktop/My/Fun/Hyundai Website/Hyundai.in/src/dashboards/Admin/StrategicPlanning.tsx' differs from file name 'C:/Users/Gautam/Desktop/My/Fun/Hyundai Website/Hyundai.in/src/dashboards/admin/StrategicPlanning.tsx' only in casing.
  The file is in the program because:
    Imported via '@/dashboards/Admin/StrategicPlanning' from file 'C:/Users/Gautam/Desktop/My/Fun/Hyundai Website/Hyundai.in/src/App.tsx'
    Matched by include pattern 'src' in 'C:/Users/Gautam/Desktop/My/Fun/Hyundai Website/Hyundai.in/tsconfig.app.json'
src/App.tsx(51,48): error TS1261: Already included file name 'C:/Users/Gautam/Desktop/My/Fun/Hyundai Website/Hyundai.in/src/dashboards/Admin/UserManagement.tsx' differs from file name 'C:/Users/Gautam/Desktop/My/Fun/Hyundai Website/Hyundai.in/src/dashboards/admin/UserManagement.tsx' only in casing.
  The file is in the program because:
    Imported via '@/dashboards/Admin/UserManagement' from file 'C:/Users/Gautam/Desktop/My/Fun/Hyundai Website/Hyundai.in/src/App.tsx'
    Matched by include pattern 'src' in 'C:/Users/Gautam/Desktop/My/Fun/Hyundai Website/Hyundai.in/tsconfig.app.json'
src/contexts/AuthContext.tsx(170,14): error TS2451: Cannot redeclare block-scoped variable 'useIsAdmin'.
src/contexts/AuthContext.tsx(175,14): error TS2451: Cannot redeclare block-scoped variable 'useIsAdmin'.
